// Jest Snapshot v1, https://goo.gl/fbAQLP

exports[`SelectPure component autocomplete doesn't close dropdown on input click 1`] = `
<div
  class="select select-multiselect select-dropdownShown"
>
  <span
    class="select-label"
  >
    <span
      class="select-selected-label"
    >
      New York
      <i
        class="mocked-icon"
        data-value="NY"
      />
    </span>
    <span
      class="select-selected-label"
    >
      California
      <i
        class="mocked-icon"
        data-value="CA"
      />
    </span>
  </span>
  <div
    class="select-dropdown"
  >
    <input
      class="select-autocomplete"
      type="text"
    />
    <div
      class="select-option select-selected-option"
      data-value="NY"
    >
      New York
    </div>
    <div
      class="select-option"
      data-value="WA"
    >
      Washington
    </div>
    <div
      class="select-option select-selected-option"
      data-value="CA"
    >
      California
    </div>
    <div
      class="select-option"
      data-value="NJ"
    >
      New Jersey
    </div>
    <div
      class="select-option"
      data-value="NC"
    >
      North Carolina
    </div>
  </div>
  <span
    class="select-placeholder"
  />
</div>
`;

exports[`SelectPure component autocomplete doesn't close dropdown on input click 2`] = `
<div
  class="select select-multiselect select-dropdownShown"
>
  <span
    class="select-label"
  >
    <span
      class="select-selected-label"
    >
      New York
      <i
        class="mocked-icon"
        data-value="NY"
      />
    </span>
    <span
      class="select-selected-label"
    >
      California
      <i
        class="mocked-icon"
        data-value="CA"
      />
    </span>
  </span>
  <div
    class="select-dropdown"
  >
    <input
      class="select-autocomplete"
      type="text"
    />
    <div
      class="select-option select-selected-option"
      data-value="NY"
    >
      New York
    </div>
    <div
      class="select-option"
      data-value="WA"
    >
      Washington
    </div>
    <div
      class="select-option select-selected-option"
      data-value="CA"
    >
      California
    </div>
    <div
      class="select-option"
      data-value="NJ"
    >
      New Jersey
    </div>
    <div
      class="select-option"
      data-value="NC"
    >
      North Carolina
    </div>
  </div>
  <span
    class="select-placeholder"
  />
</div>
`;

exports[`SelectPure component autocomplete hides not matching options on input change 1`] = `
<div
  class="select select-multiselect select-dropdownShown"
>
  <span
    class="select-label"
  >
    <span
      class="select-selected-label"
    >
      New York
      <i
        class="mocked-icon"
        data-value="NY"
      />
    </span>
    <span
      class="select-selected-label"
    >
      California
      <i
        class="mocked-icon"
        data-value="CA"
      />
    </span>
  </span>
  <div
    class="select-dropdown"
  >
    <input
      class="select-autocomplete"
      type="text"
    />
    <div
      class="select-option select-selected-option"
      data-value="NY"
    >
      New York
    </div>
    <div
      class="select-option select-option-hidden"
      data-value="WA"
    >
      Washington
    </div>
    <div
      class="select-option select-selected-option select-option-hidden"
      data-value="CA"
    >
      California
    </div>
    <div
      class="select-option"
      data-value="NJ"
    >
      New Jersey
    </div>
    <div
      class="select-option select-option-hidden"
      data-value="NC"
    >
      North Carolina
    </div>
  </div>
  <span
    class="select-placeholder"
  />
</div>
`;

exports[`SelectPure component autocomplete hides not matching options on input change 2`] = `
<div
  class="select select-multiselect select-dropdownShown"
>
  <span
    class="select-label"
  >
    <span
      class="select-selected-label"
    >
      New York
      <i
        class="mocked-icon"
        data-value="NY"
      />
    </span>
    <span
      class="select-selected-label"
    >
      California
      <i
        class="mocked-icon"
        data-value="CA"
      />
    </span>
  </span>
  <div
    class="select-dropdown"
  >
    <input
      class="select-autocomplete"
      type="text"
    />
    <div
      class="select-option select-selected-option select-option-hidden"
      data-value="NY"
    >
      New York
    </div>
    <div
      class="select-option select-option-hidden"
      data-value="WA"
    >
      Washington
    </div>
    <div
      class="select-option select-selected-option select-option-hidden"
      data-value="CA"
    >
      California
    </div>
    <div
      class="select-option select-option-hidden"
      data-value="NJ"
    >
      New Jersey
    </div>
    <div
      class="select-option"
      data-value="NC"
    >
      North Carolina
    </div>
  </div>
  <span
    class="select-placeholder"
  />
</div>
`;

exports[`SelectPure component autocomplete properly renders autocomplete select 1`] = `"<div><div class=\\"select select-multiselect\\"><span class=\\"select-label\\"><span class=\\"select-selected-label\\">New York<i class=\\"mocked-icon\\" data-value=\\"NY\\"></i></span><span class=\\"select-selected-label\\">California<i class=\\"mocked-icon\\" data-value=\\"CA\\"></i></span></span><div class=\\"select-dropdown\\"><input class=\\"select-autocomplete\\" type=\\"text\\"><div class=\\"select-option select-selected-option\\" data-value=\\"NY\\">New York</div><div class=\\"select-option\\" data-value=\\"WA\\">Washington</div><div class=\\"select-option select-selected-option\\" data-value=\\"CA\\">California</div><div class=\\"select-option\\" data-value=\\"NJ\\">New Jersey</div><div class=\\"select-option\\" data-value=\\"NC\\">North Carolina</div></div><span class=\\"select-placeholder\\"></span></div></div>"`;

exports[`SelectPure component autocomplete resets selected state 1`] = `"<div><div class=\\"select select-multiselect\\"><span class=\\"select-label\\"></span><div class=\\"select-dropdown\\"><input class=\\"select-autocomplete\\" type=\\"text\\"><div class=\\"select-option\\" data-value=\\"NY\\">New York</div><div class=\\"select-option\\" data-value=\\"CA\\">California</div><div class=\\"select-option\\" data-value=\\"NC\\">North Carolina</div></div><span class=\\"\\"></span></div></div>"`;

exports[`SelectPure component basic closes on outside element click 1`] = `
<div
  class="select"
>
  <span
    class="select-label"
  />
  <div
    class="select-dropdown"
  >
    <div
      class="select-option select-option__disabled"
      data-disabled="true"
      data-value="PL"
    >
      Poland
    </div>
    <div
      class="select-option"
      data-value="UA"
    >
      Ukraine
    </div>
  </div>
  <span
    class="select-placeholder"
  />
</div>
`;

exports[`SelectPure component basic closes on outside element click 2`] = `
<div
  class="select select-dropdownShown"
>
  <span
    class="select-label"
  />
  <div
    class="select-dropdown"
  >
    <div
      class="select-option select-option__disabled"
      data-disabled="true"
      data-value="PL"
    >
      Poland
    </div>
    <div
      class="select-option"
      data-value="UA"
    >
      Ukraine
    </div>
  </div>
  <span
    class="select-placeholder"
  />
</div>
`;

exports[`SelectPure component basic closes on outside element click 3`] = `
<div
  class="select"
>
  <span
    class="select-label"
  />
  <div
    class="select-dropdown"
  >
    <div
      class="select-option select-option__disabled"
      data-disabled="true"
      data-value="PL"
    >
      Poland
    </div>
    <div
      class="select-option"
      data-value="UA"
    >
      Ukraine
    </div>
  </div>
  <span
    class="select-placeholder"
  />
</div>
`;

exports[`SelectPure component basic displays placeholder when value is not provided 1`] = `"<div><div class=\\"select\\"><span class=\\"select-label\\"></span><div class=\\"select-dropdown\\"><div class=\\"select-option select-option__disabled\\" data-value=\\"PL\\" data-disabled=\\"true\\">Poland</div><div class=\\"select-option\\" data-value=\\"UA\\">Ukraine</div></div><span class=\\"select-placeholder\\">placeholder text</span></div></div>"`;

exports[`SelectPure component basic doesn't select disabled option 1`] = `"<div><div class=\\"select\\"><span class=\\"select-label\\">Ukraine</span><div class=\\"select-dropdown\\"><div class=\\"select-option select-option__disabled\\" data-value=\\"PL\\" data-disabled=\\"true\\">Poland</div><div class=\\"select-option select-selected-option\\" data-value=\\"UA\\">Ukraine</div></div><span class=\\"select-placeholder\\"></span></div></div>"`;

exports[`SelectPure component basic renders select with disabled option 1`] = `"<div><div class=\\"select\\"><span class=\\"select-label\\"></span><div class=\\"select-dropdown\\"><div class=\\"select-option select-option__disabled\\" data-value=\\"PL\\" data-disabled=\\"true\\">Poland</div><div class=\\"select-option\\" data-value=\\"UA\\">Ukraine</div></div><span class=\\"select-placeholder\\"></span></div></div>"`;

exports[`SelectPure component basic renders select with options 1`] = `"<div class=\\"my-div\\"><div class=\\"select\\"><span class=\\"select-label\\"></span><div class=\\"select-dropdown\\"><div class=\\"select-option select-option__disabled\\" data-value=\\"UA\\" data-disabled=\\"true\\">Ukraine</div><div class=\\"select-option\\" data-value=\\"PL\\">Poland</div></div><span class=\\"select-placeholder\\"></span></div></div>"`;

exports[`SelectPure component basic resets selected value 1`] = `"<div><div class=\\"select\\"><span class=\\"select-label\\"></span><div class=\\"select-dropdown\\"><div class=\\"select-option\\" data-value=\\"NY\\">New York</div><div class=\\"select-option\\" data-value=\\"WA\\">Washington</div><div class=\\"select-option\\" data-value=\\"CA\\">California</div><div class=\\"select-option\\" data-value=\\"NJ\\">New Jersey</div><div class=\\"select-option\\" data-value=\\"NC\\">North Carolina</div></div><span class=\\"\\"></span></div></div>"`;

exports[`SelectPure component basic selects another value 1`] = `"<div><div class=\\"select\\"><span class=\\"select-label\\">Poland</span><div class=\\"select-dropdown\\"><div class=\\"select-option select-selected-option\\" data-value=\\"PL\\">Poland</div><div class=\\"select-option\\" data-value=\\"UA\\">Ukraine</div></div><span class=\\"select-placeholder\\"></span></div></div>"`;

exports[`SelectPure component basic sets option when value is provided 1`] = `"<div><div class=\\"select\\"><span class=\\"select-label\\">Ukraine</span><div class=\\"select-dropdown\\"><div class=\\"select-option\\" data-value=\\"PL\\">Poland</div><div class=\\"select-option select-selected-option\\" data-value=\\"UA\\">Ukraine</div></div><span class=\\"select-placeholder\\"></span></div></div>"`;

exports[`SelectPure component basic toggles on click 1`] = `
<div
  class="select"
>
  <span
    class="select-label"
  />
  <div
    class="select-dropdown"
  >
    <div
      class="select-option select-option__disabled"
      data-disabled="true"
      data-value="PL"
    >
      Poland
    </div>
    <div
      class="select-option"
      data-value="UA"
    >
      Ukraine
    </div>
  </div>
  <span
    class="select-placeholder"
  />
</div>
`;

exports[`SelectPure component basic toggles on click 2`] = `
<div
  class="select select-dropdownShown"
>
  <span
    class="select-label"
  />
  <div
    class="select-dropdown"
  >
    <div
      class="select-option select-option__disabled"
      data-disabled="true"
      data-value="PL"
    >
      Poland
    </div>
    <div
      class="select-option"
      data-value="UA"
    >
      Ukraine
    </div>
  </div>
  <span
    class="select-placeholder"
  />
</div>
`;

exports[`SelectPure component basic toggles on click 3`] = `
<div
  class="select"
>
  <span
    class="select-label"
  />
  <div
    class="select-dropdown"
  >
    <div
      class="select-option select-option__disabled"
      data-disabled="true"
      data-value="PL"
    >
      Poland
    </div>
    <div
      class="select-option"
      data-value="UA"
    >
      Ukraine
    </div>
  </div>
  <span
    class="select-placeholder"
  />
</div>
`;

exports[`SelectPure component multiselect properly renders 1`] = `"<div><div class=\\"select select-multiselect\\"><span class=\\"select-label\\"><span class=\\"select-selected-label\\">New York<i class=\\"mocked-icon\\" data-value=\\"NY\\"></i></span><span class=\\"select-selected-label\\">California<i class=\\"mocked-icon\\" data-value=\\"CA\\"></i></span></span><div class=\\"select-dropdown\\"><div class=\\"select-option select-selected-option\\" data-value=\\"NY\\">New York</div><div class=\\"select-option\\" data-value=\\"WA\\">Washington</div><div class=\\"select-option select-selected-option\\" data-value=\\"CA\\">California</div><div class=\\"select-option\\" data-value=\\"NJ\\">New Jersey</div><div class=\\"select-option\\" data-value=\\"NC\\">North Carolina</div></div><span class=\\"select-placeholder\\"></span></div></div>"`;

exports[`SelectPure component multiselect properly renders with custom icon 1`] = `"<div><div class=\\"select select-multiselect\\"><span class=\\"select-label\\"><span class=\\"select-selected-label\\">New York<img src=\\"/icon.svg\\" data-value=\\"NY\\"></span><span class=\\"select-selected-label\\">California<img src=\\"/icon.svg\\" data-value=\\"CA\\"></span></span><div class=\\"select-dropdown\\"><div class=\\"select-option select-selected-option\\" data-value=\\"NY\\">New York</div><div class=\\"select-option\\" data-value=\\"WA\\">Washington</div><div class=\\"select-option select-selected-option\\" data-value=\\"CA\\">California</div></div><span class=\\"select-placeholder\\"></span></div></div>"`;

exports[`SelectPure component multiselect selects new option on click 1`] = `"<div><div class=\\"select select-multiselect\\"><span class=\\"select-label\\"><span class=\\"select-selected-label\\">New York<i class=\\"mocked-icon\\" data-value=\\"NY\\"></i></span><span class=\\"select-selected-label\\">North Carolina<i class=\\"mocked-icon\\" data-value=\\"NC\\"></i></span></span><div class=\\"select-dropdown\\" style=\\"top: 5px;\\"><div class=\\"select-option select-selected-option\\" data-value=\\"NY\\">New York</div><div class=\\"select-option\\" data-value=\\"WA\\">Washington</div><div class=\\"select-option\\" data-value=\\"CA\\">California</div><div class=\\"select-option\\" data-value=\\"NJ\\">New Jersey</div><div class=\\"select-option select-selected-option\\" data-value=\\"NC\\">North Carolina</div></div><span class=\\"select-placeholder\\"></span></div></div>"`;

exports[`SelectPure component multiselect unselects new option on icon click 1`] = `"<div><div class=\\"select select-multiselect\\"><span class=\\"select-label\\"><span class=\\"select-selected-label\\">New York<i class=\\"mocked-icon\\" data-value=\\"NY\\"></i></span><span class=\\"select-selected-label\\">North Carolina<i class=\\"mocked-icon\\" data-value=\\"NC\\"></i></span></span><div class=\\"select-dropdown\\" style=\\"top: 5px;\\"><div class=\\"select-option select-selected-option\\" data-value=\\"NY\\">New York</div><div class=\\"select-option\\" data-value=\\"WA\\">Washington</div><div class=\\"select-option\\" data-value=\\"CA\\">California</div><div class=\\"select-option\\" data-value=\\"NJ\\">New Jersey</div><div class=\\"select-option select-selected-option\\" data-value=\\"NC\\">North Carolina</div></div><span class=\\"select-placeholder\\"></span></div></div>"`;

exports[`SelectPure component multiselect unselects new option on icon click 2`] = `"<div><div class=\\"select select-multiselect\\"><span class=\\"select-label\\"><span class=\\"select-selected-label\\">North Carolina<i class=\\"mocked-icon\\" data-value=\\"NC\\"></i></span></span><div class=\\"select-dropdown\\" style=\\"top: 5px;\\"><div class=\\"select-option\\" data-value=\\"NY\\">New York</div><div class=\\"select-option\\" data-value=\\"WA\\">Washington</div><div class=\\"select-option\\" data-value=\\"CA\\">California</div><div class=\\"select-option\\" data-value=\\"NJ\\">New Jersey</div><div class=\\"select-option select-selected-option\\" data-value=\\"NC\\">North Carolina</div></div><span class=\\"select-placeholder\\"></span></div></div>"`;

exports[`SelectPure component multiselect unselects new option on icon click 3`] = `"<div><div class=\\"select select-multiselect\\"><span class=\\"select-label\\"><span class=\\"select-selected-label\\">North Carolina<i class=\\"mocked-icon\\" data-value=\\"NC\\"></i></span></span><div class=\\"select-dropdown\\" style=\\"top: 5px;\\"><div class=\\"select-option\\" data-value=\\"NY\\">New York</div><div class=\\"select-option\\" data-value=\\"WA\\">Washington</div><div class=\\"select-option\\" data-value=\\"CA\\">California</div><div class=\\"select-option\\" data-value=\\"NJ\\">New Jersey</div><div class=\\"select-option select-selected-option\\" data-value=\\"NC\\">North Carolina</div></div><span class=\\"select-placeholder\\"></span></div></div>"`;
