// Jest Snapshot v1, https://goo.gl/fbAQLP

exports["SelectPure component multiselect properly renders with custom icon 1"] = "\"<div><div class=\\\"select-pure__select select-pure__select--multiple\\\"><span class=\\\"select-pure__label\\\"><span class=\\\"select-pure__selected-label\\\">New York<img src=\\\"/icon.svg\\\" data-value=\\\"NY\\\"></span><span class=\\\"select-pure__selected-label\\\">California<img src=\\\"/icon.svg\\\" data-value=\\\"CA\\\"></span></span><div class=\\\"select-pure__options\\\"><div class=\\\"select-pure__option select-pure__option--selected\\\" data-value=\\\"NY\\\">New York</div><div class=\\\"select-pure__option\\\" data-value=\\\"WA\\\">Washington</div><div class=\\\"select-pure__option select-pure__option--selected\\\" data-value=\\\"CA\\\">California</div></div></div></div>\"";
